a: & eI
ab: A/b &/b
abbes: &/b/eI/z &/b/E/z
abe: eI/b A/b/eI
absent: &/b/s/@/n/t &/b/s/E/n/t
adel: @/d/E/l A/d/@/l
abuse: @/b/j/u/z @/b/j/u/s
acerbate: &/s/@/r/b/eI/t @/s/(@)/r/b/I/t
acuminate: @/k/j/u/m/@/n/eI/t @/k/j/u/m/@/n/I/t
addict: @/d/I/k/t &/d/I/k/t
adulterate: @/d/@/l/t/@/r/eI/t @/d/@/l/t/@/r/I/t
advocate: &/d/v/@/k/eI/t &/d/v/@/k/@/t
affect: @/f/E/k/t &/f/E/k/t
affiliate: @/f/I/l/i/eI/t @/f/I/l/i/I/t
affix: @/f/I/k/s &/f/I/k/s
ager: eI/dZ/@/r A/j/E/R
agent: eI/dZ/@/n/t @/Z/A/N
agglutinate: @/g/l/u/t/-/n/eI/t @/g/l/u/t/-/n/I/t
albert: &/l/b/@/r/t A/l/b/E/R
albion: &/l/b/i/@/n A/l/b/j/O/N
alcazar: &/l/k/@/z/A/r &/l/k/&/z/@/r
alexis: @/l/E/k/s/I/s A/l/E/k/s/i
all: O/l A/l
alloy: &/l/Oi @/l/Oi
ally: @/l/aI &/l/aI &/l/i
alternate: O/l/t/@/r/n/eI/t O/l/t/@/r/n/I/t
amen: eI/m/E/n A/m/E/n
amor: eI/m/O/R A/m/oU/R
amis: eI/m/I/s &/m/i
and: &/n/d -/n
angel: eI/n/dZ/@/l A/n/h/@/l
animate: &/n/@/m/@/t &/n/@/m/eI/t
annex: &/n/E/k/s @/n/E/k/s
apache: @/p/&/S @/p/&/tS/i
appropriate: @/p/r/oU/p/r/i/eI/t @/p/r/oU/p/r/i/I/t
approximate: @/p/r/A/k/s/@/m/eI/t @/p/r/A/k/s/@/m/I/t
aragon: A/R/A/g/O/n A/R/A/g/O/N
arc: A/r/k A/R/k
articulate: A/r/t/I/k/j/@/l/eI/t A/r/t/I/k/j/@/l/I/t
associate: @/s/oU/S/i/eI/t @/s/oU/S/i/I/t
ate: eI/t eI/t/i
attache: &/t/@/S/eI @/t/&/S/i
attenuate: @/t/E/n/j/u/eI/t @/t/E/n/j/u/I/t
audio: O/d/i/oU O/d/i/@
august: O/g/@/s/t AU/g/U/s/t
aux: oU oU/z

baden: b/A/d/-/n b/eI/d/-/n
bain: b/eI/n b/&/N
ban: b/&/n b/A/n
banc: b/&/N/k b/&/N
bang: b/&/N b/A/N
baron: b/&/r/@/n b/A/R/O/N
barre: b/A/R b/A/R/eI
bas: b/A b/A/s
bass: b/&/s b/eI/s
baton: b/&/t/A/n b/eI/t/-/n
beaux: b/oU b/oU/z
begin: b/I/g/I/n b/E/g/I/n
benjamin: b/E/n/dZ/@/m/@/n b/&/N/Z/A/m/A/N
bien: b/j/&/N b/j/@/n
billet: b/I/l/I/t b/i/j/eI
blab: b/l/&/b b/l/A/b
blanche: b/l/A/N/S b/l/&/n/tS
blanches: b/l/A/N/S b/l/&/n/tS
blessed: b/l/E/s/t b/l/E/s/I/d
bolivar: b/A/l/@/v/@/R b/O/l/i/v/A/R
bon: b/O/N b/O/n
bons: b/O/N b/O/N/z
bonnet: b/A/n/I/t b/O/n/E
borges: b/O/R/h/E/s b/O/R/g/E/s
bouche: b/u/S b/u/S/eI
bourbon: b/(@)/r/b/@/n b/U/R/b/@/N
bow: b/AU b/oU
brachiate: b/r/eI/k/i/eI/t b/r/eI/k/i/I/t
breton: b/r/E/t/-/n b/R/@/t/O/N
brute: b/r/u/t b/R/u/t/eI
buoy: b/u/i b/Oi
burg: b/(@)/R/g b/u/R/g
bulganin: b/U/l/g/A/n/I/n b/U/l/g/A/n/j/I/n

cabochon: k/&/b/@/S/A/n k/&/b/O/S/O/N
calve: k/&/v k/A/l/v/eI
cam: k/&/m k/A/m
can: k/&/n k/A/n
canada: k/&/n/@/d/@ k/@/n/j/A/d/A
cantal: k/&/n/t/@/l k/A/N/t/A/l
carton: k/A/r/t/-/n k/A/R/t/O/N
cavalier: k/&/v/@/l/i/r k/&/v/&/l/j/E
cave: k/eI/v k/A/w/E
central: s/E/n/t/r/@/l s/A/N/t/R/A/l
certificate: s/@/r/t/I/f/I/k/eI/t s/@/r/t/I/f/I/k/I/t
c'est: s/eI s/E/t
cetera: s/E/t/@/R/@ k/eI/t/E/R/A
challis: S/&/l/i tS/&/l/I/s
champagne: S/&/m/p/eI/n S/A/N/p/A/n/j/-
champs: s/A/N s/A/N/z
char: tS/A/r S/&/R
charge: tS/A/r/dZ S/A/R/Z/eI
charles: tS/A/r/l/z S/A/R/l
chi: tS/i k/aI
chine: tS/aI/n S/i/n
chose: tS/oU/z S/oU/z
chou: S/u dZ/oU
christian: k/r/I/s/t/i/A/n k/R/i/s/t/j/A/N
cleanly: k/l/i/n/l/i k/l/E/n/l/i
clement: k/l/E/m/@/n/t k/l/eI/m/A/N
coagulate: k/oU/&/g/j/@/l/eI/t k/oU/&/g/j/@/l/I/t
colle: k/O/l k/O/l/eI
colon: k/oU/l/@/n k/oU/l/oU/n
combine: k/@/m/b/aI/n k/A/m/b/aI/n
comment: k/A/m/E/n/t k/O/m/A/N
commune: k/A/m/j/u/n k/@/m/j/u/n
complex: k/A/m/p/l/E/k/s k/@/m/p/l/E/k/s
complicate: k/A/m/p/l/@/k/eI/t k/A/m/p/l/@/k/I/t
compound: k/A/m/p/AU/n/d k/@/m/p/AU/n/d
compress: k/@/m/p/r/E/s k/A/m/p/r/E/s
comte: k/O/N/t k/O/N/t/eI
concert: k/A/n/s/@/r/t k/@/n/s/(@)/r/t
concord: k/A/n/k/O/r/d k/A/N/k/@/r/d
concrete: k/A/n/k/r/i/t k/O/N/k/R/E/t
conduct: k/A/n/d/@/k/t k/@/n/d/@/k/t
confect: k/A/n/f/E/k/t k/@/n/f/E/k/t
confederate: k/@/n/f/E/d/@/r/eI/t k/@/n/f/E/d/@/r/I/t
conglomerate: k/@/n/g/l/A/m/@/r/eI/t k/@/n/g/l/A/m/@/r/I/t
congregate: k/A/N/g/r/@/g/eI/t k/A/N/g/r/@/g/I/t
congress: k/A/N/g/r/I/s k/A/N/g/r/E/s
conserve: k/@/n/s/(@)/r/v k/A/n/s/(@)/r/v
consist: k/@/n/s/I/s/t k/A/n/s/I/s/t
constant: k/A/n/s/t/@/n/t k/O/N/s/t/A/N
construct: k/@/n/s/t/r/@/k/t k/A/n/s/t/r/@/k/t
consummate: k/@/n/s/@/m/eI/t k/@/n/s/@/m/I/t
contaminate: k/@/n/t/&/m/@/n/eI/t k/@/n/t/&/m/@/n/I/t
conte: k/O/N/t k/A/n/t/i
content: k/A/n/t/E/n/t k/@/n/t/E/n/t
contest: k/A/n/t/E/s/t k/@/n/t/E/s/t
contrast: k/A/n/t/r/&/s/t k/@/n/t/r/&/s/t
converse: k/A/n/v/(@)/r/s k/@/n/v/(@)/r/s
convert: k/@/n/v/(@)/r/t k/A/n/v/(@)/r/t
coordinate: k/oU/O/r/d/-/n/I/t k/oU/O/r/d/-/n/eI/t
corbeil: k/O/r/b/@/l k/oU/R/b/eI
cordoba: k/O/R/d/@/v/A k/O/R/d/@/b/A
cordon: k/O/r/d/-/n k/O/R/d/O/N
corroborate: k/@/r/A/b/@/r/eI/t k/@/r/A/b/@/r/I/t
corrugate: k/O/r/@/g/eI/t k/O/r/@/g/I/t
cote: k/oU/t k/oU/t/eI
couch: k/AU/tS k/u/tS
coup: k/oU/p k/U
coupe: k/u/p k/u/p/eI
coups: k/U k/U/z
courant: k/U/r/@/n/t k/u/R/A/N
court: k/oU/r/t k/u/R
cousin: k/@/z/@/n k/U/z/@/N
credit: k/r/E/d/I/t k/R/eI/d/i
crime: k/r/aI/m k/R/i/m
crises: k/r/aI/s/i/z k/R/i/z
cristobal: k/R/i/s/t/O/b/A/l k/R/i/s/t/O/v/A/l
cui: k/w/i k/Y/i
cum: k/U/m k/@/m
cumulate: k/j/u/m/j/@/l/eI/t k/j/u/m/j/@/l/I/t
curie: k/j/U/R/i k/Y/R/i
cy: s/aI s/i

dak: d/A/k d/O/k
dame: d/eI/m d/A/m
david: d/eI/v/I/d d/A/v/I/d
de: d/@ d/i
decrease: d/i/k/r/i/s d/I/k/r/i/s
defect: d/I/f/E/k/t d/i/f/E/k/t
defoliate: d/i/f/oU/l/i/eI/t d/i/f/oU/l/i/I/t
degas: d/@/g/A d/I/g/&/s
degenerate: d/I/dZ/E/n/@/r/eI/t d/I/dZ/E/n/@/r/I/t
deliberate: d/I/l/I/b/@/r/I/t d/I/l/I/b/@/r/eI/t
dene: d/i/n d/eI/n/i
denis: d/E/n/I/s d/@/n/i
designate: d/E/z/I/g/n/eI/t d/E/z/I/g/n/I/t
desolate: d/E/s/@/l/eI/t d/E/s/@/l/I/t
detail: d/I/t/eI/l d/i/t/eI/l
determinate: d/I/t/(@)/r/m/@/n/eI/t d/I/t/(@)/r/m/@/n/I/t
deux: d/y d/y/z
deviate: d/i/v/i/eI/t d/i/v/i/I/t
die: d/aI d/i
diem: d/i/@/m d/j/@/m
diffuse: d/I/f/j/u/s d/I/f/j/u/z
digest: d/I/dZ/E/s/t d/aI/dZ/E/s/t
dike: d/aI/k d/aI/k/i
dire: d/aI/-/r d/i/R
discriminate: d/I/s/k/r/I/m/I/n/eI/t d/I/s/k/r/I/m/I/n/I/t
disuse: d/I/s/j/u/z d/I/s/j/u/s
divaricate: d/aI/v/&/r/@/k/eI/t d/aI/v/&/r/@/k/I/t
docent: d/oU/s/@/n/t d/oU/t/s/E/n/t
dos: d/oU d/oU/z
double: d/@/b/@/l d/u/b/l
duc: d/Y/k d/u/k
due: d/u d/u/eI

e: i E
edmond: E/d/m/@/n/d E/d/m/O/N
edouard: eI/d/w/A/R E/d/w/@/r/d
eduard: eI/d/w/A/R E/d/w/@/r/d
effuse: I/f/j/u/z I/f/j/u/s
egress: i/g/r/E/s I/g/r/E/s
ejaculate: I/dZ/&/k/j/@/l/eI/t I/dZ/&/k/j/@/l/I/t
el: @/l E/l
elaborate: I/l/&/b/@/r/eI/t I/l/&/b/@/r/I/t
elias: I/l/aI/@/s i/l/i/@/s
emasculate: I/m/&/s/k/j/@/l/eI/t I/m/&/s/k/j/@/l/I/t
eminence: E/m/@/n/@/n/s E/m/i/n/A/N/s
emulate: E/m/j/@/l/eI/t E/m/j/@/l/I/t
en: A/N E/n
enervate: E/n/@/r/v/eI/t E/n/(@)/r/v/I/t
erich: eI/R/I/x E/R/I/k
ernst: E/R/n/s/t (@)/R/n/s/t
esteban: E/s/t/E/v/A/n E/s/t/eI/b/A/n
estimate: E/s/t/@/m/eI/t E/s/t/@/m/I/t
et: eI E/t
eugenio: E/u/dZ/E/n/j/O E/u/h/E/n/j/O
europa: j/U/r/oU/p/A Oi/R/oU/p/A
excellence: E/k/s/@/l/@/n/s E/k/s/@/l/A/N/s
excuse: I/k/s/k/j/u/s I/k/s/k/j/u/z
expatriate: E/k/s/p/eI/t/r/i/eI/t E/k/s/p/eI/t/r/i/I/t
extract: I/k/s/t/r/&/k/t E/k/s/t/r/&/k/t

fable: f/eI/b/-/l f/A/b/l/-
face: f/eI/s f/&/s
facile: f/&/s/I/l f/A/k/I/l/E
fang: f/A/N f/&/N
federate: f/E/d/@/r/eI/t f/E/d/@/r/I/t
feu: f/y f/j/u
fin: f/I/n f/&/N
fine: f/aI/n f/i/n
flageolet: f/l/A/dZ/@/l/E/t f/l/A/dZ/@/l/eI
floret: f/l/oU/r/I/t f/l/oU/R/eI
foliate: f/oU/l/i/I/t f/oU/l/i/eI/t
fond: f/A/n/d f/O/N
forget: f/@/r/g/E/t f/O/R/Z/eI
fort: f/O/r/t f/O/R
forte: f/O/R/t f/O/R/t/eI
franc: f/R/A/N f/R/A/N/k
france: f/r/&/n/s f/R/A/N/s
francis: f/r/&/n/s/I/s f/R/A/N/s/i/s
frequent: f/r/i/k/w/@/n/t f/r/I/k/w/E/n/t
fried: f/r/aI/d f/R/i/d
frise: f/R/i/z f/R/I/z/eI
fume: f/j/u/m f/Y/m/eI

gabriel: g/&/b/r/i/@/l g/&/v/R/i/E/l
gall: g/O/l g/A/l
geminate: dZ/E/m/@/n/eI/t dZ/E/m/@/n/I/t
gene: dZ/i/n Z/E/n
genet: dZ/E/n/I/t Z/@/n/eI
gent: dZ/E/n/t x/E/n/t
gentile: dZ/E/n/t/aI/l dZ/E/n/t/i/l/E
german: dZ/(@)/r/m/@/n h/E/R/m/A/n
geste: dZ/E/s/t Z/E/s/t
gibber: dZ/I/b/@/r g/I/b/@/r
gimp: g/I/m/p dZ/I/m/p
gironde: Z/i/R/O/N/d dZ/@/R/A/n/d
gore: g/oU/r g/oU/r/eI
goujon: g/u/Z/O/N g/u/dZ/@/n
grace: g/r/eI/s g/R/A/s
graduate: g/r/&/dZ/u/I/t g/r/&/dZ/u/eI/t
grains: g/r/eI/n/z g/R/eI/N
grand: g/r/&/n/d g/R/A/N
grande: g/R/A/N/d g/R/A/N/d/@ g/R/A/n/d/@
grandes: g/R/A/N/d g/R/A/n/d/@/z
grease: g/r/i/s g/r/i/z
grille: g/r/I/l g/R/i/j/eI
gunther: g/@/n/T/@/r g/Y/n/t/@/R
guy: g/aI g/i

hare: h/E/@/r h/A/R/eI
hautes: oU/t oU/t/z
havre: h/&/v/@/r h/A/v/R/@
hector: h/E/k/t/@/r E/k/t/O/R
hektor: h/E/k/t/@/r E/k/t/O/R
herb: (@)/r/b h/(@)/r/b
herder: h/(@)/r/d/@/r h/E/R/d/@/R
heretic: h/E/r/I/t/I/k h/@/r/E/t/I/k
herman: h/E/R/m/A/n E/R/m/A/n
hermann: h/E/R/m/A/n E/R/m/A/n
hinder: h/I/n/d/@/r h/aI/n/d/@/r
holm: h/oU/m h/oU/l/m
home: h/oU/m h/j/u/m
hotel: h/oU/t/E/l oU/t/E/l
hough: h/@/f h/A/k
hugo: h/j/u/g/oU Y/g/oU
hun: h/@/n h/u/n
hung: h/@/N h/u/N

i: aI i
ibanez: i/v/A/n/j/E/T i/b/A/n/j/@/s
illegitimate: I/l/I/dZ/I/t/@/m/eI/t I/l/I/dZ/I/t/@/m/I/t
impregnate: I/m/p/r/E/g/n/eI/t I/m/p/r/E/g/n/I/t
incarnate: I/n/k/A/r/n/eI/t I/n/k/A/r/n/I/t
incarcerate: I/n/k/A/r/s/@/r/eI/t I/n/k/A/r/s/@/r/I/t
imbricate: I/m/b/r/@/k/eI/t I/m/b/r/@/k/I/t
impersonate: I/m/p/(@)/r/s/@/n/eI/t I/m/p/(@)/r/s/@/n/I/t
impropriate: I/m/p/r/oU/p/r/i/eI/t I/m/p/r/oU/p/r/i/I/t
incorporate: I/n/k/O/r/p/@/r/eI/t I/n/k/O/r/p/@/r/I/t
indurate: I/n/d/U/r/I/t I/n/d/U/r/eI/t
ingenerate: I/n/dZ/E/n/@/r/eI/t I/n/dZ/E/n/@/r/I/t
initiate: I/n/I/S/i/eI/t I/n/I/S/i/I/t
inter: I/n/t/@/r I/n/t/(@)/r
intimate: I/n/t/@/m/I/t I/n/t/@/m/eI/t
intoxicate: I/n/t/A/k/s/@/k/eI/t I/n/t/A/k/s/@/k/I/t
invalid: I/n/v/@/l/I/d I/n/v/&/l/I/d
ira: aI/r/@ i/R/A
irradiate: I/r/eI/d/i/eI/t I/r/eI/d/i/I/t
isle: aI/l i/l
isolate: aI/s/@/l/eI/t aI/s/@/l/I/t
ivan: i/v/A/n I/v/A/n

jean: Z/A/N dZ/i/n
jesus: dZ/i/z/@/s h/E/s/u/s
jo: dZ/oU j/O
job: dZ/A/b dZ/oU/b
johannes: j/oU/h/&/n/@/s dZ/oU/h/&/n/@/s
jose: h/oU/s/eI h/O/s/E
josef: dZ/oU/z/@/f j/oU/z/@/f
joseph: dZ/oU/z/@/f j/oU/z/@/f
jozef: dZ/oU/z/@/f j/oU/z/@/f
journal: dZ/(@)/r/n/-/l Z/u/R/n/A/l
juan: h/w/A/n Z/w/A/N
conjugate: k/A/n/dZ/@/g/eI/t k/A/n/dZ/@/g/I/t
jus: j/u/s Z/Y
just: dZ/@/s/t Z/Y/s/t

lam: l/&/m l/A/m
lambert: l/&/m/b/@/r/t l/&/m/b/E/R
laminate: l/&/m/@/n/eI/t l/&/m/@/n/I/t
laura: l/O/r/@ l/A/v/R/A
lead: l/E/d l/i/d
learned: l/(@)/r/n/I/d l/(@)/r/n/d
lech: l/@/k l/E/tS
leger: l/eI/Z/eI l/E/dZ/@/R
leon: l/E/O/N l/E/O/n l/i/A/n
les: l/eI l/E/s
lev: l/E/v l/E/f
liard: l/i/A/R l/i/A/R/d
liards: l/i/A/R l/i/A/R/d/s
lie: l/aI l/i l/i/eI
liege: l/i/dZ l/i/eI/Z
lien: l/i/n l/aI/@/n
lieutenant: l/u/t/E/n/@/n/t l/E/f/t/E/n/@/n/t
lies: l/aI/z l/i/eI
lis: l/I/s l/i
liza: l/i/z/@ l/aI/z/@
live: l/I/v l/aI/v
loci: l/oU/k/i l/oU/s/aI
lot: l/A/t l/O
lug: l/@/g l/U/x
lung: l/@/N l/U/N
lys: l/i/s l/i

maculate: m/&/k/j/@/l/eI/t m/&/k/j/@/l/I/t
madeleine: m/&/d/@/l/eI/n m/&/d/-/l/I/n
magna: m/&/g/n/@ m/A/n/j/@
magnus: m/&/g/n/@/s m/AU/n/@/s
mai: m/eI m/aI
main: m/eI/n m/A/N
maine: m/eI/n m/E/n
male: m/eI/l m/A/l/i
mall: m/O/l m/E/l
manche: m/A/N/S m/A/n/tS
mane: m/eI/n m/eI/n/i
manger: m/eI/n/dZ/@/r m/A/N/Z/eI
mansard: m/&/n/s/A/r/d m/A/N/S/A/R
manuel: m/&/n/w/E/l m/&/n/u/E/l
mare: m/E/@/r m/A/R/E
marine: m/@/r/i/n m/@/R/i/n/eI
maritime: m/&/r/i/t/aI/m m/A/R/i/t/i/m
maron: m/&/r/@/n m/A/r/oU/n
marcia: m/A/R/S/@ m/A/R/tS/@
maria: m/&/r/i/@ m/A/R/i/A
marque: m/A/R/k m/A/R/k/eI
martin: m/A/r/t/-/n m/A/R/t/E/N m/A/R/t/i/n
masse: m/&/s m/&/s/eI
mate: m/A/t/eI m/eI/t
mater: m/A/t/@/R m/eI/t/@/R
mathias: m/@/t/i/@/s m/@/T/aI/@/s
matriculate: m/@/t/r/I/k/j/@/l/eI/t m/@/t/r/I/k/j/@/l/I/t
matthias: m/@/t/i/@/s m/@/T/aI/@/s
maze: m/eI/z m/A/z/E
mediate: m/i/d/i/eI/t m/i/d/i/I/t
meine: m/eI/n m/E/n
midi: m/i/d/i m/I/d/i
millet: m/I/l/I/t m/I/l/eI
mikhail: m/i/k/aI/l m/i/h/aI/l
misconduct: m/I/s/k/A/n/d/@/k/t m/I/s/k/@/n/d/@/k/t
misestimate: m/I/s/E/s/t/@/m/eI/t m/I/s/E/s/t/@/m/I/t
misuse: m/I/s/j/u/z m/I/s/j/u/s
mobile: m/oU/b/@/l m/oU/b/I/l/E m/oU/b/i/l
moderate: m/A/d/@/r/eI/t m/A/d/@/r/I/t
mon: m/O/N m/oU/n
more: m/oU/r m/oU/R/E
monte: m/A/n/t/i m/A/n/t/E
mow: m/AU m/oU
munch: m/@/n/tS m/U/N/k
murat: m/Y/R/A m/u/R/A/t
myron: m/aI/r/@/n m/i/R/O/N

nagy: n/A/dZ n/A/d/j/@
natal: n/eI/t/-/l n/@/t/&/l
nature: n/eI/tS/@/r n/A/t/Y/R
nerval: n/(@)/r/v/@/l n/E/R/v/A/l
nice: n/aI/s n/i/s
nil: n/I/l n/i/l
nominate: n/A/m/@/n/eI/t n/A/m/@/n/I/t
non: n/@/n n/A/n
nor: n/O/r n/O/R
nous: n/u/s n/u
nu: n/u n/Y
nu: n/u n/Y

obey: oU/b/eI oU/b/i
oblige: @/b/l/aI/dZ oU/b/l/i/Z
octave: A/k/t/I/v A/k/t/eI/v
on: A/n O/N
opera: A/p/@/r/@ oU/p/@/R/@
operative: A/p/@/r/@/t/I/v A/p/@/r/eI/t/I/v
opiate: oU/p/i/eI/t oU/p/i/I/t
orange: O/r/I/n/dZ O/R/A/N/Z
orate: @/r/eI/t @/r/A/t/eI
ore: oU/r oU/R/E
ortho: O/r/T/@ O/r/T/oU
overuse: oU/v/@/r/j/u/z oU/v/@/r/j/u/s

pall: p/O/l p/E/l
pane: p/eI/n p/A/n/eI
pantheon: p/&/n/T/i/A/n p/&/N/t/eI/O/N
paper: p/eI/p/@/r p/A/p/j/eI
papillote: p/&/p/@/l/oU/t p/A/p/i/j/O/t
par: p/A/r p/A/R
pare: p/E/@/r p/A/R/eI
passant: p/&/s/A/N p/&/s/@/n/t
passe: p/&/s p/&/s/eI
passer: p/&/s/@/r p/A/s/eI
passion: p/&/S/@/n p/A/s/j/O/N
passionate: p/&/S/@/n/eI/t p/&/S/@/n/I/t
pasture: p/&/s/tS/@/r p/A/s/t/Y/R
paul: p/AU/l p/O/l
percolate: p/(@)/r/k/@/l/eI/t p/(@)/r/k/@/l/I/t
perron: p/E/r/@/n p/E/R/oU/N
peter: p/i/t/@/r p/eI/t/@/R
per: p/(@)/r p/E/R
perfect: p/(@)/r/f/I/k/t p/(@)/r/f/E/k/t
perse: p/(@)/R/s p/E/R/s
pi: p/aI p/i
pie: p/aI p/i
piece: p/i/s p/j/E/s
pied: p/aI/d p/j/eI p/j/eI/d
piet: p/i/t p/aI/I/t
pis: p/i p/i/z
piquet: p/I/k/eI p/I/k/E/t
place: p/l/eI/s p/l/A/s
plat: p/l/& p/l/&/t
point: p/Oi/n/t p/w/&/N
polish: p/oU/l/I/S p/A/l/I/S
ponce: p/A/n/s p/oU/n/s/eI
pont: p/A/n/t p/O/N
port: p/oU/r/t p/O/R
pustulate: p/@/s/tS/@/l/eI/t p/@/s/tS/@/l/I/t
pot: p/A/t p/O/t p/oU
poult: p/oU/l/t p/u
predestinate: p/r/I/d/E/s/t/@/n/eI/t p/r/I/d/E/s/t/@/n/I/t
predicate: p/r/E/d/@/k/eI/t p/r/E/d/I/k/@/t
premier: p/r/E/m/i/@/r p/R/@/m/j/eI
premiere: p/r/E/m/i/@/r p/R/@/m/j/E/R
presage: p/r/E/s/I/dZ p/r/i/s/eI/dZ
prescript: p/r/i/s/k/r/I/p/t p/r/I/s/k/r/I/p/t
present: p/r/I/z/E/n/t p/r/E/z/@/n/t
primus: p/r/aI/m/@/s p/r/i/m/@/s
principe: p/R/I/N/s/i/p p/R/I/n/s/I/p/i
prise: p/r/aI/z p/R/i/z
pro: p/r/oU p/R/oU
proceed: p/r/@/s/i/d p/r/oU/s/i/d
produce: p/r/A/d/u/s p/r/@/d/u/s p/r/@/d/j/u/s
progress: p/r/A/g/r/E/s p/r/@/g/r/E/s
proportionate: p/r/@/p/oU/r/S/@/n/I/t p/r/@/p/oU/r/S/@/n/eI/t
protest: p/r/@/t/E/s/t p/r/oU/t/E/s/t
pyrenees: p/I/R/@/n/i/z p/I/R/@/n/eI

quadruplicate: k/w/A/d/r/u/p/l/@/k/eI/t k/w/A/d/r/u/p/l/@/k/I/t
quinton: k/w/I/n/t/-/n k/&/N/t/O/N

radiate: r/eI/d/i/eI/t r/eI/d/i/I/t
rafael: R/A/f/A/E/l R/@/f/E/l
ravel: r/&/v/@/l R/@/v/E/l
raymond: r/eI/m/@/n/d R/eI/m/oU/N
read: r/E/d r/i/d
reading: r/i/d/I/N r/E/d/I/N
real: r/i/@/l R/E/A/l
recoil: r/i/k/Oi/l r/I/k/Oi/l
record: r/I/k/O/r/d r/E/k/@/r/d
recount: r/i/k/AU/n/t r/I/k/AU/n/t
redress: r/I/d/r/E/s r/i/d/r/E/s
reduplicate: r/I/d/u/p/l/@/k/eI/t r/I/d/u/p/l/@/k/I/t
refund: r/i/f/@/n/d r/I/f/@/n/d
regain: r/i/g/eI/n R/@/g/&/N
regenerate: r/I/dZ/E/n/@/r/eI/t r/I/dZ/E/n/@/r/I/t
reich: R/aI/x R/aI/k
reject: r/i/dZ/E/k/t r/I/dZ/E/k/t
relapse: r/i/l/&/p/s r/I/l/&/p/s
repatriate: r/i/p/eI/t/r/i/eI/t r/i/p/eI/t/r/i/I/t
repetition: r/E/p/I/t/I/S/@/n R/eI/p/eI/t/i/Z/O/N
research: r/I/s/(@)/r/tS r/i/s/(@)/r/tS
resistance: r/I/z/I/s/t/@/n/s R/E/z/i/s/t/A/N/s
reticulate: r/I/t/I/k/j/@/l/eI/t r/I/t/I/k/j/@/l/I/t
reverberate: r/I/v/(@)/r/b/@/r/eI/t r/I/v/(@)/r/b/@/r/I/t
richard: r/I/tS/@/r/d R/I/S/A/R/d
riches: r/I/tS/I/z R/i/S
riel: r/i/l r/i/E/l
rime: r/aI/m R/i/m
robe: r/oU/b R/O/b
robert: r/A/b/@/r/t R/O/b/E/R
roger: r/A/dZ/@/r R/O/Z/eI
roman: r/oU/m/A/n R/O/m/A/N
rosa: r/oU/z/@ R/O/s/A
rose: r/oU/z r/oU/z/eI
rude: r/u/d R/Y/d
rust: r/@/s/t r/U/s/t

sabine: s/eI/b/aI/n s/@/b/i/n
said: s/E/d s/A/i/d
saint: s/eI/n/t s/&/N s/&/N/t
salute: s/A/l/u/t/E s/@/l/u/t
salve: s/&/l/v s/A/l/v/eI
sans: s/&/N s/&/N/z
santo: s/&/n/t/oU s/A/n/t/O
santos: s/&/n/t/oU/s s/A/n/t/O/s
satiate: s/eI/S/i/eI/t s/eI/S/i/I/t
saturate: s/&/tS/@/r/eI/t s/&/tS/@/r/I/t
savant: s/&/v/@/n/t s/&/v/A/N
scale: s/k/eI/l s/k/A/l/E
scene: s/i/n s/E/n
scribe: s/k/r/aI/b s/k/R/i/b
segment: s/E/g/m/@/n/t s/E/g/m/E/n/t
segregate: s/E/g/r/@/g/eI/t s/E/g/r/@/g/I/t
semi: s/E/m/i s/E/m/aI
separate: s/E/p/@/r/eI/t s/E/p/@/r/I/t
serrate: s/E/r/eI/t s/E/r/I/t
sharon: S/&/r/@/n S/A/R/oU/n
si: s/i S/i
simeon: s/I/m/i/@/n s/I/m/E/O/N
simon: s/aI/m/@/n s/i/m/O/N
simulate: s/I/m/j/@/l/I/t s/I/m/j/@/l/eI/t
sine: s/aI/n s/I/n/eI
sinus: s/aI/n/@/s s/i/n/@/s
souffle: s/u/f/l/eI s/u/f/-/l
sow: s/AU s/oU
st: s/eI/n/t s/&/N s/&/N/t
stare: s/t/E/@/r s/t/A/R/i
striate: s/t/r/aI/eI/t s/t/r/aI/I/t
style: s/t/aI/l s/t/i/l
subject: s/@/b/dZ/E/k/t s/@/b/dZ/I/k/t
sucre: s/Y/k/R s/Y/k/R/eI
sukkoth: s/u/k/O/t s/U/k/@/s
sully: s/@/l/i s/Y/l/i
sung: s/@/N s/U/N
syndicate: s/I/n/d/@/k/eI/t s/I/n/d/@/k/I/t
swathe: s/w/eI/D s/w/A/D
swinger: s/w/I/N/@/r s/w/I/n/dZ/@/r

tabulate: t/&/b/j/@/l/eI/t t/&/b/j/@/l/I/t
tag: t/&/g t/A/g
te: t/eI t/i
tear: t/I/@/r t/E/@/r
terrible: t/E/r/@/b/-/l t/E/R/i/b/l/-
tessellate: t/E/s/@/l/eI/t t/E/s/@/l/I/t
the: D/i D/@
theatre: T/i/@/t/@/r t/eI/A/t/R
tho: t/oU t/U
tire: t/aI/-/r t/i/R/eI
tob: t/oU/b t/O/b
ton: t/@/n t/O/N
tour: t/U/r t/U/R
tout: t/oU/t t/u t/u/t
trier: t/r/aI/@/r t/R/i/@/R

u: j/u u
underestimate: @/n/d/@/r/E/s/t/@/m/eI/t @/n/d/@/r/E/s/t/@/m/I/t
undulate: @/n/dZ/@/l/eI/t @/n/dZ/@/l/I/t
use: j/u/s j/u/z
utile: j/u/t/I/l u/t/I/l/E

vague: v/eI/g v/A/g
vale: v/eI/l v/A/l/eI
valence: v/eI/l/@/n/s v/&/l/A/N/s
vary: v/&/r/i v/A/R/I
velate: v/i/l/eI/t v/i/l/I/t
vent: v/E/n/t v/A/N
ventose: v/E/n/t/oU/s v/A/N/t/O/z
verbal: v/(@)/r/b/@/l v/E/R/b/A/l
verde: v/(@)/R/d v/E/R/d/eI
vermiculate: v/@/r/m/I/k/j/@/l/eI/t v/@/r/m/I/k/j/@/l/I/t
vesiculate: v/@/s/I/k/j/@/l/eI/t v/@/s/I/k/j/@/l/I/t
via: v/i/@ v/aI/@
vice: v/aI/s v/aI/s/i
vie: v/aI v/i
villa: v/I/l/@ v/i/j/@
vincent: v/I/n/s/@/n/t v/&/N/s/A/N
viola: v/aI/@/l/@ v/i/oU/l/@
vis: v/i/z v/i
vital: v/aI/t/-/l v/i/t/A/l
voce: v/oU/tS/i w/oU/k/E

wagner: v/A/g/n/@/R w/&/g/n/@/r
wald: w/O/l/d v/A/l/d
waugh: w/O w/O/f
willy: w/I/l/i v/I/l/i
wind: w/I/n/d w/aI/n/d
wound: w/u/n/d w/AU/n/d

xavier: z/A/v/i/E z/eI/v/i/@

y: w/aI i
yahoo: j/A/h/u j/@/h/u
yom: j/O/m j/O/n
