a: & eI
ab: A/b &/b
abbes: &/b/eI/z &/b/E/z
abe: eI/b A/b/eI
adel: @/d/E/l A/d/@/l
ager: eI/dZ/@/r A/j/E/R
agent: eI/dZ/@/n/t @/Z/A/N
albert: &/l/b/@/r/t A/l/b/E/R
albion: &/l/b/i/@/n A/l/b/j/O/N
alcazar: &/l/k/@/z/A/r &/l/k/&/z/@/r
alexis: @/l/E/k/s/I/s A/l/E/k/s/i
all: O/l A/l
amen: eI/m/E/n A/m/E/n
amor: eI/m/O/R A/m/oU/R
amis: eI/m/I/s &/m/i
and: &/n/d -/n
angel: eI/n/dZ/@/l A/n/h/@/l
apache: @/p/&/S @/p/&/tS/i
aragon: A/R/A/g/O/n A/R/A/g/O/N
arc: A/r/k A/R/k
ate: eI/t eI/t/i
attache: &/t/@/S/eI @/t/&/S/i
august: O/g/@/s/t AU/g/U/s/t
aux: oU oU/z

baden: b/A/d/-/n b/eI/d/-/n
bain: b/eI/n b/&/N
ban: b/&/n b/A/n
banc: b/&/N/k b/&/N
bang: b/&/N b/A/N
baron: b/&/r/@/n b/A/R/O/N
barre: b/A/R b/A/R/eI
bas: b/A b/A/s
bass: b/&/s b/eI/s
baton: b/&/t/A/n b/eI/t/-/n
beaux: b/oU b/oU/z
begin: b/I/g/I/n b/E/g/I/n
benjamin: b/E/n/dZ/@/m/@/n b/&/N/Z/A/m/A/N
bien: b/j/&/N b/j/@/n
billet: b/I/l/I/t b/i/j/eI
blab: b/l/&/b b/l/A/b
blanche: b/l/A/N/S b/l/&/n/tS
blanches: b/l/A/N/S b/l/&/n/tS
bolivar: b/A/l/@/v/@/R b/O/l/i/v/A/R
bon: b/O/N b/O/n
bons: b/O/N b/O/N/z
bonnet: b/A/n/I/t b/O/n/E
borges: b/O/R/h/E/s b/O/R/g/E/s
bouche: b/u/S b/u/S/eI
bourbon: b/(@)/r/b/@/n b/U/R/b/@/N
bow: b/AU b/oU
breton: b/r/E/t/-/n b/R/@/t/O/N
brute: b/r/u/t b/R/u/t/eI
buoy: b/u/i b/Oi
burg: b/(@)/R/g b/u/R/g
bulganin: b/U/l/g/A/n/I/n b/U/l/g/A/n/j/I/n

cabochon: k/&/b/@/S/A/n k/&/b/O/S/O/N
calve: k/&/v k/A/l/v/eI
cam: k/&/m k/A/m
can: k/&/n k/A/n
canada: k/&/n/@/d/@ k/@/n/j/A/d/A
cantal: k/&/n/t/@/l k/A/N/t/A/l
carton: k/A/r/t/-/n k/A/R/t/O/N
cavalier: k/&/v/@/l/i/r k/&/v/&/l/j/E
cave: k/eI/v k/A/w/E
central: s/E/n/t/r/A/l s/A/N/t/R/A/l
c'est: s/eI s/E/t
cetera: s/E/t/@/R/@ k/eI/t/E/R/A
challis: S/&/l/i tS/&/l/I/s
champagne: S/&/m/p/eI/n S/A/N/p/A/n/j/-
champs: s/A/N s/A/N/z
char: tS/A/r S/&/R
charge: tS/A/r/dZ S/A/R/Z/eI
charles: tS/A/r/l/z S/A/R/l
chi: tS/i k/aI
chine: tS/aI/n S/i/n
chose: tS/oU/z S/oU/z
chou: S/u dZ/oU
christian: k/R/I/s/t/i/A/n k/R/i/s/t/j/A/N
clement: k/l/E/m/@/n/t k/l/eI/m/A/N
colle: k/O/l k/O/l/eI
comment: k/A/m/E/n/t k/O/m/A/N
comte: k/O/N/t k/O/N/t/eI
concert: k/A/n/s/@/r/t k/@/n/s/(@)/r/t
concord: k/A/n/k/O/r/d k/A/N/k/@/r/d
concrete: k/A/n/k/r/i/t k/O/N/k/R/E/t
constant: k/A/n/s/t/@/n/t k/O/N/s/t/A/N
conte: k/O/N/t k/A/n/t/i
content: k/A/n/t/E/n/t k/@/n/t/E/n/t
corbeil: k/O/r/b/@/l k/oU/R/b/eI
cordoba: k/O/R/d/@/v/A k/O/R/d/@/b/A
cordon: k/O/r/d/-/n k/O/R/d/O/N
cote: k/oU/t k/oU/t/eI
couch: k/AU/tS k/u/tS
coup: k/oU/p k/U
coupe: k/u/p k/u/p/eI
coups: k/U k/U/z
courant: k/U/r/@/n/t k/u/R/A/N
court: k/oU/r/t k/u/R
credit: k/r/E/d/I/t k/R/eI/d/i
crime: k/r/aI/m k/R/i/m
crises: k/r/aI/s/i/z k/R/i/z
cristobal: k/R/i/s/t/O/b/A/l k/R/i/s/t/O/v/A/l
cui: k/w/i k/Y/i
cum: k/U/m k/@/m
curie: k/j/U/R/i k/Y/R/i
cy: s/aI s/i

dak: d/A/k d/O/k
dame: d/eI/m d/A/m
david: d/eI/v/I/d d/A/v/I/d
de: d/@ d/i
degas: d/@/g/A d/I/g/&/s
dene: d/i/n d/eI/n/i
denis: d/E/n/I/s d/@/n/i
deux: d/y d/y/z
die: d/aI d/i
diem: d/i/@/m d/j/@/m
dike: d/aI/k d/aI/k/i
dire: d/aI/-/r d/i/R
docent: d/oU/s/@/n/t d/oU/t/s/E/n/t
dos: d/oU d/oU/z
double: d/@/b/@/l d/u/b/l
duc: d/Y/k d/u/k
due: d/u d/u/eI

e: i E
edmond: E/d/m/@/n/d E/d/m/O/N
edouard: eI/d/w/A/R E/d/w/@/r/d
eduard: eI/d/w/A/R E/d/w/@/r/d
el: @/l E/l
elias: I/l/aI/@/s i/l/i/@/s
eminence: E/m/@/n/@/n/s E/m/i/n/A/N/s
en: A/N E/n
erich: eI/R/I/x E/R/I/k
ernst: E/R/n/s/t (@)/R/n/s/t
esteban: E/s/t/E/v/A/n E/s/t/eI/b/A/n
et: eI E/t
eugenio: E/u/dZ/E/n/j/O E/u/h/E/n/j/O
europa: j/U/r/oU/p/A Oi/R/oU/p/A
excellence: E/k/s/@/l/@/n/s E/k/s/@/l/A/N/s

fable: f/eI/b/-/l f/A/b/l/-
face: f/eI/s f/&/s
facile: f/&/s/I/l f/A/k/I/l/E
fang: f/A/N f/&/N
feu: f/y f/j/u
fin: f/I/n f/&/N
fine: f/aI/n f/i/n
flageolet: f/l/A/dZ/@/l/E/t f/l/A/dZ/@/l/eI
floret: f/l/oU/r/I/t f/l/oU/R/eI
fond: f/A/n/d f/O/N
forget: f/@/r/g/E/t f/O/R/Z/eI
fort: f/o/r/t f/O/R
forte: f/O/R/t f/O/R/t/eI
franc: f/R/A/N f/R/A/N/k
france: f/r/&/n/s f/R/A/N/s
francis: f/r/&/n/s/I/s f/R/A/N/s/i/s
fried: f/r/aI/d f/R/i/d
frise: f/R/i/z f/R/I/z/eI
fume: f/j/u/m f/Y/m/eI

gall: g/O/l g/A/l

invalid: I/n/v/@/l/I/d I/n/v/&/l/I/d
ivan: i/v/A/n I/v/A/n

jus: j/u/s Z/Y
just: dZ/@/s/t Z/Y/s/t

nous: n/u/s n/u

obey: oU/b/eI oU/b/i
oblige: @/b/l/aI/dZ oU/b/l/i/Z
octave: A/k/t/I/v A/k/t/eI/v

quinton: k/w/I/n/t/-/n k/&/N/t/O/N

robe: r/oU/b R/O/b
rose: r/oU/z r/O/z
rude: r/u/d r/Y/d
rust: r/@/s/t r/U/s/t

said: s/E/d s/A/i/d
santo: s/&/n/t/oU s/A/n/t/O
santos: s/&/n/t/oU/s s/A/n/t/O/s
scale: s/k/eI/l s/k/A/l/E
sine: s/aI/n s/I/n/eI
sinus: s/aI/n/@/s s/i/n/@/s
souffle: s/u/f/l/eI s/u/f/-/l
sow: s/AU s/oU
stare: s/t/E/@/r s/t/A/R/i
style: s/t/aI/l s/t/i/l
sucre: s/Y/k/R s/Y/k/R/eI
swinger: s/w/I/N/@/r s/w/I/n/dZ/@/r

tag: t/&/g t/A/g
te: t/eI t/i
tear: t/I/@/r t/E/@/r
terrible: t/E/r/@/b/-/l t/E/R/i/b/l/-
the: D/i D/@
theatre: T/i/@/t/@/r t/eI/A/t/R
tho: t/oU t/U
tire: t/aI/-/r t/i/R/eI
ton: t/@/n t/O/N
trier: t/r/aI/@/r t/R/i/@/R
tob: t/oU/b t/O/b
tour: t/U/r t/U/R
tout: t/oU/t t/u t/u/t

u: j/u u
utile: j/u/t/I/l u/t/I/l/E

vague: v/eI/g v/A/g
vale: v/eI/l v/A/l/eI
valence: v/eI/l/@/n/s v/&/l/A/N/s
vary: v/&/r/i v/A/R/I
vent: v/E/n/t v/A/N
ventose: v/E/n/t/oU/s v/A/N/t/O/z
verbal: v/(@)/r/b/@/l v/E/R/b/A/l
verde: v/(@)/R/d v/E/R/d/eI
via: v/i/@ v/aI/@
vice: v/aI/s v/aI/s/i
vie: v/aI v/i
villa: v/I/l/@ v/i/j/@
vincent: v/I/n/s/@/n/t v/&/N/s/A/N
viola: v/aI/@/l/@ v/i/oU/l/@
vis: v/i/z v/i
vital: v/aI/t/-/l v/i/t/A/l
voce: v/oU/tS/i w/oU/k/E

wagner: v/A/g/n/@/R w/&/g/n/@/r
wald: w/O/l/d v/A/l/d
waugh: w/O w/O/f
willy: w/I/l/i v/I/l/i
wind: w/I/n/d w/aI/n/d
wound: w/u/n/d w/AU/n/d

xavier: z/A/v/i/E z/eI/v/i/@

y: w/aI i
yahoo: j/A/h/u j/@/h/u
yom: j/O/m j/O/n
